
Script exécuté le : 2025-07-21 10:51:40.794073
Script exécuté le : 2025-07-21 10:52:01.137029
Script exécuté le : 2025-07-21 10:57:58.839122
Script exécuté le : 2025-07-21 11:04:44.266911
Script exécuté le : 2025-07-21 13:07:11.044405
Script exécuté le : 2025-07-21 13:19:10.742369
[OK] Script exécuté automatiquement le : 2025-07-21 13:20:10.816951
[OK] Script exécuté via CRON à 2025-07-21 13:28:17.604096
